[valoramericaneagle.com/index.html]
[valoramericaneagle.com/assets/fonts/AmericanCaptain.woff2]
[valoramericaneagle.com/assets/img/favicon.ico]
[backblue.gif]
[fade.gif]
[index.html]
[valoramericaneagle.com/js/index.minb808.js]
[valoramericaneagle.com/css/index.minb808.css]
[valoramericaneagle.com/assets/img/logo.webp]
[valoramericaneagle.com/assets/img/hero/sky.webp]
[valoramericaneagle.com/assets/img/hero/title.webp]
[valoramericaneagle.com/assets/img/hero/eagle.webp]
[valoramericaneagle.com/assets/img/hero/flag.webp]
[valoramericaneagle.com/assets/img/about/title.webp]
[valoramericaneagle.com/assets/img/about/Star.webp]
[valoramericaneagle.com/assets/img/about/01.webp]
[valoramericaneagle.com/assets/img/line/Star.webp]
[valoramericaneagle.com/assets/img/how/bg.webp]
[valoramericaneagle.com/assets/img/how/Star.webp]
[valoramericaneagle.com/assets/img/how/01.webp]
[valoramericaneagle.com/assets/img/join/bg.webp]
[valoramericaneagle.com/assets/img/join/title.webp]
[valoramericaneagle.com/assets/img/join/eagle.webp]
[valoramericaneagle.com/index.html]
[valoramericaneagle.com/assets/img/overlay/noise-768.webp]
[valoramericaneagle.com/assets/img/about/body-bg.webp]
[valoramericaneagle.com/assets/img/overlay/noise-1920.webp]
[valoramericaneagle.com/assets/img/overlay/noise.webp]
[valoramericaneagle.com/css/index.minb808.css]
